// Jest Snapshot v1, https://goo.gl/fbAQLP

exports[`The utility component Renders correctly 1`] = `<util />`;
